[debug] [2026-05-25T18:41:03.257Z] ----------------------------------------------------------------------
[debug] [2026-05-25T18:41:03.260Z] Command:       C:\nvm4w\nodejs\node.exe C:\Users\tacch\AppData\Local\npm-cache\_npx\ba4f1959e38407b5\node_modules\firebase-tools\lib\bin\firebase.js deploy --only hosting
[debug] [2026-05-25T18:41:03.260Z] CLI Version:   15.18.0
[debug] [2026-05-25T18:41:03.260Z] Platform:      win32
[debug] [2026-05-25T18:41:03.260Z] Node Version:  v22.22.2
[debug] [2026-05-25T18:41:03.261Z] Time:          Mon May 25 2026 20:41:03 GMT+0200 (Ora legale dell’Europa centrale)
[debug] [2026-05-25T18:41:03.261Z] ----------------------------------------------------------------------
[debug] 
[debug] [2026-05-25T18:41:05.291Z] > command requires scopes: ["email","openid","https://www.googleapis.com/auth/cloudplatformprojects.readonly","https://www.googleapis.com/auth/firebase","https://www.googleapis.com/auth/cloud-platform"]
[debug] [2026-05-25T18:41:05.292Z] > authorizing via signed-in user (tacchella.carlo@gmail.com)
[debug] [2026-05-25T18:41:05.292Z] [iam] checking project dualnodelabs for permissions ["firebase.projects.get","firebasehosting.sites.update"]
[debug] [2026-05-25T18:41:05.294Z] Checked if tokens are valid: true, expires at: 1779736922353
[debug] [2026-05-25T18:41:05.294Z] Checked if tokens are valid: true, expires at: 1779736922353
[debug] [2026-05-25T18:41:05.295Z] >>> [apiv2][query] POST https://cloudresourcemanager.googleapis.com/v1/projects/dualnodelabs:testIamPermissions [none]
[debug] [2026-05-25T18:41:05.295Z] >>> [apiv2][(partial)header] POST https://cloudresourcemanager.googleapis.com/v1/projects/dualnodelabs:testIamPermissions  x-goog-user-project=dualnodelabs
[debug] [2026-05-25T18:41:05.295Z] >>> [apiv2][body] POST https://cloudresourcemanager.googleapis.com/v1/projects/dualnodelabs:testIamPermissions {"permissions":["firebase.projects.get","firebasehosting.sites.update"]}
[debug] [2026-05-25T18:41:05.553Z] <<< [apiv2][status] POST https://cloudresourcemanager.googleapis.com/v1/projects/dualnodelabs:testIamPermissions 200
[debug] [2026-05-25T18:41:05.553Z] <<< [apiv2][body] POST https://cloudresourcemanager.googleapis.com/v1/projects/dualnodelabs:testIamPermissions {"permissions":["firebase.projects.get","firebasehosting.sites.update"]}
[debug] [2026-05-25T18:41:05.554Z] Checked if tokens are valid: true, expires at: 1779736922353
[debug] [2026-05-25T18:41:05.554Z] Checked if tokens are valid: true, expires at: 1779736922353
[debug] [2026-05-25T18:41:05.554Z] >>> [apiv2][query] GET https://firebase.googleapis.com/v1beta1/projects/dualnodelabs [none]
[debug] [2026-05-25T18:41:05.931Z] <<< [apiv2][status] GET https://firebase.googleapis.com/v1beta1/projects/dualnodelabs 200
[debug] [2026-05-25T18:41:05.931Z] <<< [apiv2][body] GET https://firebase.googleapis.com/v1beta1/projects/dualnodelabs {"projectId":"dualnodelabs","projectNumber":"645923909671","displayName":"DualNodeLabs","name":"projects/dualnodelabs","resources":{"hostingSite":"dualnodelabs"},"state":"ACTIVE","etag":"1_c7d7b8d1-5c34-400d-bb0d-2423467efb76"}
[info] 
[info] === Deploying to 'dualnodelabs'...
[info] 
[info] i  deploying hosting 
[debug] [2026-05-25T18:41:05.935Z] Checked if tokens are valid: true, expires at: 1779736922353
[debug] [2026-05-25T18:41:05.935Z] Checked if tokens are valid: true, expires at: 1779736922353
[debug] [2026-05-25T18:41:05.935Z] >>> [apiv2][query] GET https://firebasehosting.googleapis.com/v1beta1/projects/dualnodelabs/sites/dualnodelabs [none]
[debug] [2026-05-25T18:41:06.911Z] <<< [apiv2][status] GET https://firebasehosting.googleapis.com/v1beta1/projects/dualnodelabs/sites/dualnodelabs 200
[debug] [2026-05-25T18:41:06.911Z] <<< [apiv2][body] GET https://firebasehosting.googleapis.com/v1beta1/projects/dualnodelabs/sites/dualnodelabs {"name":"projects/dualnodelabs/sites/dualnodelabs","defaultUrl":"https://dualnodelabs.web.app","type":"DEFAULT_SITE"}
[debug] [2026-05-25T18:41:06.913Z] Checked if tokens are valid: true, expires at: 1779736922353
[debug] [2026-05-25T18:41:06.913Z] Checked if tokens are valid: true, expires at: 1779736922353
[debug] [2026-05-25T18:41:06.913Z] >>> [apiv2][query] POST https://firebasehosting.googleapis.com/v1beta1/projects/-/sites/dualnodelabs/versions [none]
[debug] [2026-05-25T18:41:06.913Z] >>> [apiv2][body] POST https://firebasehosting.googleapis.com/v1beta1/projects/-/sites/dualnodelabs/versions {"status":"CREATED","labels":{"deployment-tool":"cli-firebase"}}
[debug] [2026-05-25T18:41:08.584Z] <<< [apiv2][status] POST https://firebasehosting.googleapis.com/v1beta1/projects/-/sites/dualnodelabs/versions 200
[debug] [2026-05-25T18:41:08.585Z] <<< [apiv2][body] POST https://firebasehosting.googleapis.com/v1beta1/projects/-/sites/dualnodelabs/versions {"name":"projects/645923909671/sites/dualnodelabs/versions/5215773158d734b4","status":"CREATED","config":{},"labels":{"deployment-tool":"cli-firebase"}}
[info] i  hosting[dualnodelabs]: beginning deploy... 
[info] i  hosting[dualnodelabs]: found 21 files in dist/dualnodelabswebsite/browser 
[debug] [2026-05-25T18:41:08.600Z] [hosting] uploading with 200 concurrency
[debug] [2026-05-25T18:41:08.623Z] Checked if tokens are valid: true, expires at: 1779736922353
[debug] [2026-05-25T18:41:08.623Z] Checked if tokens are valid: true, expires at: 1779736922353
[debug] [2026-05-25T18:41:08.624Z] [hosting] hash cache [ZGlzdFxkdWFsbm9kZWxhYnN3ZWJzaXRlXGJyb3dzZXI] stored for 21 files
[debug] [2026-05-25T18:41:08.624Z] [hosting][hash queue][FINAL] {"max":19,"min":1,"avg":4.714285714285714,"active":0,"complete":21,"success":21,"errored":0,"retried":0,"total":21,"elapsed":23}
[debug] [2026-05-25T18:41:08.624Z] >>> [apiv2][query] POST https://firebasehosting.googleapis.com/v1beta1/projects/645923909671/sites/dualnodelabs/versions/5215773158d734b4:populateFiles [none]
[debug] [2026-05-25T18:41:08.624Z] >>> [apiv2][body] POST https://firebasehosting.googleapis.com/v1beta1/projects/645923909671/sites/dualnodelabs/versions/5215773158d734b4:populateFiles {"files":{"/sitemap.xml":"5c89a55297024039b41ba5efcf7c5907511e6cfc7120cd4461699e9e30c94f19","/robots.txt":"aa95bb47f9395dcb618df92a840a6e8cebb1f10e8a9bfc5e026b136a286bf3f6","/googleaedaee09cd6c9fb5.html":"d2600b8a9b51f74ec219e7efb9b7b01c001fde7f4b587054a5ef52c38b5298f9","/favicon.ico":"a905b13e228420df3dbe746dfb656d37a49736494c0737d00e007c8dc7319912","/assets/DualNodeWithText.png":"6a3337db03a9498045331e3aff8a7c33642ef78cdde8e823a402a7701d88e39c","/assets/DualNodeOfficial.png":"6ff32e9bcf5f39576e649e0789e6e2c6cecda5e8b553fcd5b932bc266512b9c2","/assets/DualNodeIcons.png":"326a4f98b1e20b35d5715b5b91e5b4a2811f477999a9a9cefbfe5ace39d86112","/assets/DualNode512x512NoBackground.png":"5ea998f4e917ff4b0f2bcdf6ffca32eefd142bd8548bd7be9ed44ccc847e44f9","/assets/DualNode512x512.png":"25428152a177414c688d4adcac7609ed8e372834366b876f5b3a9143caee280e","/assets/dualnode.png":"5f2ba67b28d7cc860bd13e65e08e2e2ea736b87e2ab02a0323bfbf203079b916","/assets/CodeArena.png":"d71960e8630a0452ccd15515f499bbe45fd30bc690e2e6b8c6a6c422399609f4","/assets/Banner4096x2304.pdn":"9ef0059726dc22e5912edbd8438dcc6ea4c7c74f731a6df3e0f944490f480309","/styles-44MAC7Z5.css":"e3b1a783192da42ffe790d452889a3bb513a6d72b2e3c9b91f198020b0f788de","/index.csr.html":"a3d6cb4228fa278af28fbc783fe9ed83ac4fa0a0c9c1f9c97eff1a2b99b4a54a","/index.html":"bf3d98762a233980e7f688ed8624a6d1b158b7ced96c82854d4bdccf56e41bdd","/exercises/index.html":"b4316c50532483b58a1ba4887f3b80a71ba7da14cbfac2eab5b69546250d058f","/privacypolicy/index.html":"52313d2aa1b2cffd0837d03f149e3c66dfbbee232e0cf6a2180d4fb77b089304","/design-patterns/index.html":"0b376a56907fbfbc018b8a93cba876397448451cbdb8ed11d31ac3868fbddbc0","/codearena/index.html":"93154642d85f5a9916ebf29d37cfae2fd70d41baa22caf95185fd3fe236d1a9e","/about/index.html":"ff2e329de37e4bf2a20693ef529eb9cd923582540bbb7e2fd9db145db2ebd73c","/main-HRPVWTZ5.js":"447a963762d962e6b4a9b3d419149811f46e4946ccd01215c5ace870fb3a7ff7"}}
[debug] [2026-05-25T18:41:09.359Z] <<< [apiv2][status] POST https://firebasehosting.googleapis.com/v1beta1/projects/645923909671/sites/dualnodelabs/versions/5215773158d734b4:populateFiles 200
[debug] [2026-05-25T18:41:09.359Z] <<< [apiv2][body] POST https://firebasehosting.googleapis.com/v1beta1/projects/645923909671/sites/dualnodelabs/versions/5215773158d734b4:populateFiles {"uploadRequiredHashes":["0b376a56907fbfbc018b8a93cba876397448451cbdb8ed11d31ac3868fbddbc0","bf3d98762a233980e7f688ed8624a6d1b158b7ced96c82854d4bdccf56e41bdd","447a963762d962e6b4a9b3d419149811f46e4946ccd01215c5ace870fb3a7ff7","52313d2aa1b2cffd0837d03f149e3c66dfbbee232e0cf6a2180d4fb77b089304","a3d6cb4228fa278af28fbc783fe9ed83ac4fa0a0c9c1f9c97eff1a2b99b4a54a","93154642d85f5a9916ebf29d37cfae2fd70d41baa22caf95185fd3fe236d1a9e","b4316c50532483b58a1ba4887f3b80a71ba7da14cbfac2eab5b69546250d058f","ff2e329de37e4bf2a20693ef529eb9cd923582540bbb7e2fd9db145db2ebd73c"],"uploadUrl":"https://upload-firebasehosting.googleapis.com/upload/sites/dualnodelabs/versions/5215773158d734b4/files"}
[debug] [2026-05-25T18:41:09.360Z] Checked if tokens are valid: true, expires at: 1779736922353
[debug] [2026-05-25T18:41:09.360Z] Checked if tokens are valid: true, expires at: 1779736922353
[debug] [2026-05-25T18:41:09.360Z] Checked if tokens are valid: true, expires at: 1779736922353
[debug] [2026-05-25T18:41:09.360Z] Checked if tokens are valid: true, expires at: 1779736922353
[debug] [2026-05-25T18:41:09.361Z] Checked if tokens are valid: true, expires at: 1779736922353
[debug] [2026-05-25T18:41:09.361Z] Checked if tokens are valid: true, expires at: 1779736922353
[debug] [2026-05-25T18:41:09.361Z] Checked if tokens are valid: true, expires at: 1779736922353
[debug] [2026-05-25T18:41:09.361Z] Checked if tokens are valid: true, expires at: 1779736922353
[debug] [2026-05-25T18:41:09.361Z] Checked if tokens are valid: true, expires at: 1779736922353
[debug] [2026-05-25T18:41:09.361Z] Checked if tokens are valid: true, expires at: 1779736922353
[debug] [2026-05-25T18:41:09.361Z] Checked if tokens are valid: true, expires at: 1779736922353
[debug] [2026-05-25T18:41:09.362Z] Checked if tokens are valid: true, expires at: 1779736922353
[debug] [2026-05-25T18:41:09.362Z] Checked if tokens are valid: true, expires at: 1779736922353
[debug] [2026-05-25T18:41:09.362Z] Checked if tokens are valid: true, expires at: 1779736922353
[debug] [2026-05-25T18:41:09.362Z] Checked if tokens are valid: true, expires at: 1779736922353
[debug] [2026-05-25T18:41:09.362Z] Checked if tokens are valid: true, expires at: 1779736922353
[debug] [2026-05-25T18:41:09.362Z] >>> [apiv2][query] POST https://upload-firebasehosting.googleapis.com/upload/sites/dualnodelabs/versions/5215773158d734b4/files/0b376a56907fbfbc018b8a93cba876397448451cbdb8ed11d31ac3868fbddbc0 [none]
[debug] [2026-05-25T18:41:09.362Z] >>> [apiv2][body] POST https://upload-firebasehosting.googleapis.com/upload/sites/dualnodelabs/versions/5215773158d734b4/files/0b376a56907fbfbc018b8a93cba876397448451cbdb8ed11d31ac3868fbddbc0 [stream]
[debug] [2026-05-25T18:41:09.365Z] >>> [apiv2][query] POST https://upload-firebasehosting.googleapis.com/upload/sites/dualnodelabs/versions/5215773158d734b4/files/bf3d98762a233980e7f688ed8624a6d1b158b7ced96c82854d4bdccf56e41bdd [none]
[debug] [2026-05-25T18:41:09.365Z] >>> [apiv2][body] POST https://upload-firebasehosting.googleapis.com/upload/sites/dualnodelabs/versions/5215773158d734b4/files/bf3d98762a233980e7f688ed8624a6d1b158b7ced96c82854d4bdccf56e41bdd [stream]
[debug] [2026-05-25T18:41:09.366Z] >>> [apiv2][query] POST https://upload-firebasehosting.googleapis.com/upload/sites/dualnodelabs/versions/5215773158d734b4/files/447a963762d962e6b4a9b3d419149811f46e4946ccd01215c5ace870fb3a7ff7 [none]
[debug] [2026-05-25T18:41:09.366Z] >>> [apiv2][body] POST https://upload-firebasehosting.googleapis.com/upload/sites/dualnodelabs/versions/5215773158d734b4/files/447a963762d962e6b4a9b3d419149811f46e4946ccd01215c5ace870fb3a7ff7 [stream]
[debug] [2026-05-25T18:41:09.368Z] >>> [apiv2][query] POST https://upload-firebasehosting.googleapis.com/upload/sites/dualnodelabs/versions/5215773158d734b4/files/52313d2aa1b2cffd0837d03f149e3c66dfbbee232e0cf6a2180d4fb77b089304 [none]
[debug] [2026-05-25T18:41:09.368Z] >>> [apiv2][body] POST https://upload-firebasehosting.googleapis.com/upload/sites/dualnodelabs/versions/5215773158d734b4/files/52313d2aa1b2cffd0837d03f149e3c66dfbbee232e0cf6a2180d4fb77b089304 [stream]
[debug] [2026-05-25T18:41:09.370Z] >>> [apiv2][query] POST https://upload-firebasehosting.googleapis.com/upload/sites/dualnodelabs/versions/5215773158d734b4/files/a3d6cb4228fa278af28fbc783fe9ed83ac4fa0a0c9c1f9c97eff1a2b99b4a54a [none]
[debug] [2026-05-25T18:41:09.370Z] >>> [apiv2][body] POST https://upload-firebasehosting.googleapis.com/upload/sites/dualnodelabs/versions/5215773158d734b4/files/a3d6cb4228fa278af28fbc783fe9ed83ac4fa0a0c9c1f9c97eff1a2b99b4a54a [stream]
[debug] [2026-05-25T18:41:09.372Z] >>> [apiv2][query] POST https://upload-firebasehosting.googleapis.com/upload/sites/dualnodelabs/versions/5215773158d734b4/files/93154642d85f5a9916ebf29d37cfae2fd70d41baa22caf95185fd3fe236d1a9e [none]
[debug] [2026-05-25T18:41:09.372Z] >>> [apiv2][body] POST https://upload-firebasehosting.googleapis.com/upload/sites/dualnodelabs/versions/5215773158d734b4/files/93154642d85f5a9916ebf29d37cfae2fd70d41baa22caf95185fd3fe236d1a9e [stream]
[debug] [2026-05-25T18:41:09.374Z] >>> [apiv2][query] POST https://upload-firebasehosting.googleapis.com/upload/sites/dualnodelabs/versions/5215773158d734b4/files/b4316c50532483b58a1ba4887f3b80a71ba7da14cbfac2eab5b69546250d058f [none]
[debug] [2026-05-25T18:41:09.375Z] >>> [apiv2][body] POST https://upload-firebasehosting.googleapis.com/upload/sites/dualnodelabs/versions/5215773158d734b4/files/b4316c50532483b58a1ba4887f3b80a71ba7da14cbfac2eab5b69546250d058f [stream]
[debug] [2026-05-25T18:41:09.376Z] >>> [apiv2][query] POST https://upload-firebasehosting.googleapis.com/upload/sites/dualnodelabs/versions/5215773158d734b4/files/ff2e329de37e4bf2a20693ef529eb9cd923582540bbb7e2fd9db145db2ebd73c [none]
[debug] [2026-05-25T18:41:09.376Z] >>> [apiv2][body] POST https://upload-firebasehosting.googleapis.com/upload/sites/dualnodelabs/versions/5215773158d734b4/files/ff2e329de37e4bf2a20693ef529eb9cd923582540bbb7e2fd9db145db2ebd73c [stream]
[debug] [2026-05-25T18:41:09.377Z] [hosting][populate queue][FINAL] {"max":740,"min":740,"avg":740,"active":0,"complete":1,"success":1,"errored":0,"retried":0,"total":1,"elapsed":755}
[debug] [2026-05-25T18:41:09.378Z] [hosting] uploads queued: 8
